[dashlite.net/demo6/index.html]
[dashlite.net/demo6/images/favicon.png]
[backblue.gif]
[fade.gif]
[index.html]
[dashlite.net/demo6/images/logo.png]
[dashlite.net/demo6/images/logo-dark.png]
[dashlite.net/demo6/index-sales.html]
[dashlite.net/demo6/index-crypto.html]
[dashlite.net/demo6/index-analytics.html]
[dashlite.net/demo6/invest/index.html]
[dashlite.net/demo6/apps-messages.html]
[dashlite.net/demo6/apps-inbox.html]
[dashlite.net/demo6/apps-file-manager.html]
[dashlite.net/demo6/apps-chats.html]
[dashlite.net/demo6/apps-calendar.html]
[dashlite.net/demo6/apps-kanban.html]
[dashlite.net/demo6/project-card.html]
[dashlite.net/demo6/project-list.html]
[dashlite.net/demo6/user-list-regular.html]
[dashlite.net/demo6/user-list-compact.html]
[dashlite.net/demo6/user-details-regular.html]
[dashlite.net/demo6/user-profile-regular.html]
[dashlite.net/demo6/user-card.html]
[dashlite.net/demo6/customer-list.html]
[dashlite.net/demo6/customer-details.html]
[dashlite.net/demo6/kyc-list-regular.html]
[dashlite.net/demo6/kyc-details-regular.html]
[dashlite.net/demo6/transaction-basic.html]
[dashlite.net/demo6/transaction-crypto.html]
[dashlite.net/demo6/invoice-list.html]
[dashlite.net/demo6/invoice-details.html]
[dashlite.net/demo6/product-list.html]
[dashlite.net/demo6/product-card.html]
[dashlite.net/demo6/product-details.html]
[dashlite.net/demo6/pricing-table.html]
[dashlite.net/demo6/gallery.html]
[dashlite.net/demo6/pages/regular-v1.html]
[dashlite.net/demo6/pages/regular-v2.html]
[dashlite.net/demo6/pages/faqs.html]
[dashlite.net/demo6/pages/auths/auth-login.html]
[dashlite.net/demo6/pages/auths/auth-register.html]
[dashlite.net/demo6/pages/auths/auth-reset.html]
[dashlite.net/demo6/pages/auths/auth-success.html]
[dashlite.net/demo6/pages/auths/auth-login-v2.html]
[dashlite.net/demo6/pages/auths/auth-register-v2.html]
[dashlite.net/demo6/pages/auths/auth-reset-v2.html]
[dashlite.net/demo6/pages/auths/auth-success-v2.html]
[dashlite.net/demo6/pages/auths/auth-login-v3.html]
[dashlite.net/demo6/pages/auths/auth-register-v3.html]
[dashlite.net/demo6/pages/auths/auth-reset-v3.html]
[dashlite.net/demo6/pages/auths/auth-success-v3.html]
[dashlite.net/demo6/pages/errors/404-classic.html]
[dashlite.net/demo6/pages/errors/504-classic.html]
[dashlite.net/demo6/pages/errors/404-s1.html]
[dashlite.net/demo6/pages/errors/504-s1.html]
[dashlite.net/demo6/_blank.html]
[dashlite.net/demo6/pages/terms-policy.html]
[dashlite.net/demo6/components/elements/alerts.html]
[dashlite.net/demo6/components/elements/accordions.html]
[dashlite.net/demo6/components/elements/avatar.html]
[dashlite.net/demo6/components/elements/badges.html]
[dashlite.net/demo6/components/elements/buttons.html]
[dashlite.net/demo6/components/elements/buttons-group.html]
[dashlite.net/demo6/components/elements/breadcrumb.html]
[dashlite.net/demo6/components/elements/cards.html]
[dashlite.net/demo6/components/elements/carousel.html]
[dashlite.net/demo6/components/elements/list-dropdown.html]
[dashlite.net/demo6/components/elements/modals.html]
[dashlite.net/demo6/components/elements/pagination.html]
[dashlite.net/demo6/components/elements/popover.html]
[dashlite.net/demo6/components/elements/progress.html]
[dashlite.net/demo6/components/elements/spinner.html]
[dashlite.net/demo6/components/elements/tabs.html]
[dashlite.net/demo6/components/elements/toast.html]
[dashlite.net/demo6/components/elements/tooltip.html]
[dashlite.net/demo6/components/elements/typography.html]
[dashlite.net/demo6/components/elements/util-border.html]
[dashlite.net/demo6/components/elements/util-colors.html]
[dashlite.net/demo6/components/elements/util-display.html]
[dashlite.net/demo6/components/elements/util-embeded.html]
[dashlite.net/demo6/components/elements/util-flex.html]
[dashlite.net/demo6/components/elements/util-text.html]
[dashlite.net/demo6/components/elements/util-sizing.html]
[dashlite.net/demo6/components/elements/util-spacing.html]
[dashlite.net/demo6/components/elements/util-others.html]
[dashlite.net/demo6/components/forms/form-elements.html]
[dashlite.net/demo6/components/forms/checkbox-radio.html]
[dashlite.net/demo6/components/forms/advanced-controls.html]
[dashlite.net/demo6/components/forms/input-group.html]
[dashlite.net/demo6/components/forms/form-upload.html]
[dashlite.net/demo6/components/forms/datetime-picker.html]
[dashlite.net/demo6/components/forms/number-spinner.html]
[dashlite.net/demo6/components/forms/nouislider.html]
[dashlite.net/demo6/components/forms/form-layouts.html]
[dashlite.net/demo6/components/forms/form-validation.html]
[dashlite.net/demo6/components/forms/form-wizard.html]
[dashlite.net/demo6/components/forms/wizard/create-project.html]
[dashlite.net/demo6/components/forms/wizard/create-profile.html]
[dashlite.net/demo6/components/forms/wizard/two-factor-auth.html]
[dashlite.net/demo6/components/forms/wizard/survey-v1.html]
[dashlite.net/demo6/components/forms/wizard/survey-v2.html]
[dashlite.net/demo6/components/forms/form-summernote.html]
[dashlite.net/demo6/components/forms/form-quill.html]
[dashlite.net/demo6/components/forms/form-tinymce.html]
[dashlite.net/demo6/components/misc/svg-icons.html]
[dashlite.net/demo6/components/misc/nioicon.html]
[dashlite.net/demo6/components/misc/icons.html]
[dashlite.net/demo6/components/tables/table-basic.html]
[dashlite.net/demo6/components/tables/table-special.html]
[dashlite.net/demo6/components/tables/table-datatable.html]
[dashlite.net/demo6/components/charts/chartjs.html]
[dashlite.net/demo6/components/charts/knob.html]
[dashlite.net/demo6/components/widgets/cards.html]
[dashlite.net/demo6/components/widgets/charts.html]
[dashlite.net/demo6/components/widgets/ratings.html]
[dashlite.net/demo6/components/misc/slick-sliders.html]
[dashlite.net/demo6/components/misc/toastr.html]
[dashlite.net/demo6/components/misc/sweet-alert.html]
[dashlite.net/demo6/components/misc/js-tree.html]
[dashlite.net/demo6/components/misc/dual-listbox.html]
[dashlite.net/demo6/components/misc/dragula.html]
[dashlite.net/demo6/components/misc/map.html]
[dashlite.net/demo6/email-templates.html]
[dashlite.net/demo6/user-profile-setting.html]
[dashlite.net/demo6/user-profile-activity.html]
[dashlite.net/demo6/images/flags/english-sq.png]
[dashlite.net/demo6/images/flags/english.png]
[dashlite.net/demo6/images/flags/spanish.png]
[dashlite.net/demo6/images/flags/french.png]
[dashlite.net/demo6/images/flags/turkey.png]
[dashlite.net/demo6/images/avatar/c-sm.jpg]
[dashlite.net/demo6/images/avatar/d-sm.jpg]
[dashlite.net/demo6/images/flags/arg.png]
[dashlite.net/demo6/images/flags/aus.png]
[dashlite.net/demo6/images/flags/bangladesh.png]
[dashlite.net/demo6/images/flags/canada.png]
[dashlite.net/demo6/images/flags/china.png]
[dashlite.net/demo6/images/flags/germany.png]
[dashlite.net/demo6/images/flags/iran.png]
[dashlite.net/demo6/images/flags/italy.png]
[dashlite.net/demo6/images/flags/mexico.png]
[dashlite.net/demo6/images/flags/philipine.png]
[dashlite.net/demo6/images/flags/portugal.png]
[dashlite.net/demo6/images/flags/s-africa.png]
[dashlite.net/demo6/images/flags/switzerland.png]
[dashlite.net/demo6/images/flags/uk.png]
[dashlite.net/images/landing/layout-1d.jpg]
[dashlite.net/images/landing/layout-2d.jpg]
[dashlite.net/images/landing/layout-3d.jpg]
[dashlite.net/images/landing/layout-4d.jpg]
[dashlite.net/images/landing/layout-5d.jpg]
[dashlite.net/images/landing/layout-6d.jpg]
[dashlite.net/images/landing/layout-7d.jpg]
[dashlite.net/images/landing/layout-8d.jpg]
[dashlite.net/images/landing/layout-9d.jpg]
[dashlite.net/images/landing/main-landing.jpg]
[dashlite.net/images/landing/demo-ai-copywriter.jpg]
[dashlite.net/images/landing/demo-pharmacy.jpg]
[dashlite.net/images/landing/demo-loan.jpg]
[dashlite.net/images/landing/demo-ecommerce.jpg]
[dashlite.net/images/landing/demo-lms.jpg]
[dashlite.net/images/landing/demo-crm.jpg]
[dashlite.net/images/landing/demo-hospital.jpg]
[dashlite.net/images/landing/demo-hotel.jpg]
[dashlite.net/images/landing/demo-cms.jpg]
[dashlite.net/images/landing/demo-buysell.jpg]
[dashlite.net/images/landing/demo-invest.jpg]
[dashlite.net/images/landing/demo-file-manager.jpg]
[dashlite.net/images/landing/demo-subscription.jpg]
[dashlite.net/images/landing/demo-covid19.jpg]
[dashlite.net/images/landing/demo-messages.jpg]
[dashlite.net/images/landing/demo-inbox.jpg]
[dashlite.net/images/landing/demo-chats.jpg]
[dashlite.net/images/landing/promo-investorm.png]
[dashlite.net/demo6/assets/js/bundledeae.js]
[dashlite.net/demo6/assets/js/scriptsdeae.js]
[dashlite.net/demo6/assets/js/demo-settingsdeae.js]
[dashlite.net/demo6/assets/js/charts/gd-investdeae.js]
[dashlite.net/demo6/index.html]
[dashlite.net/demo6/assets/fonts/Roboto-Light.eot]
[dashlite.net/demo6/assets/fonts/Roboto-Light.woff2]
[dashlite.net/demo6/assets/fonts/Roboto-Light.woff]
[dashlite.net/demo6/assets/fonts/Roboto-Light.ttf]
[dashlite.net/demo6/assets/fonts/Roboto-Regular.eot]
[dashlite.net/demo6/assets/fonts/Roboto-Regular.woff2]
[dashlite.net/demo6/assets/fonts/Roboto-Regular.woff]
[dashlite.net/demo6/assets/fonts/Roboto-Regular.ttf]
[dashlite.net/demo6/assets/fonts/Roboto-Medium.eot]
[dashlite.net/demo6/assets/fonts/Roboto-Medium.woff2]
[dashlite.net/demo6/assets/fonts/Roboto-Medium.woff]
[dashlite.net/demo6/assets/fonts/Roboto-Medium.ttf]
[dashlite.net/demo6/assets/fonts/Roboto-Bold.eot]
[dashlite.net/demo6/assets/fonts/Roboto-Bold.woff2]
[dashlite.net/demo6/assets/fonts/Roboto-Bold.woff]
[dashlite.net/demo6/assets/fonts/Roboto-Bold.ttf]
[dashlite.net/demo6/assets/fonts/Nunito-Regular.eot]
[dashlite.net/demo6/assets/fonts/Nunito-Regular.woff2]
[dashlite.net/demo6/assets/fonts/Nunito-Regular.woff]
[dashlite.net/demo6/assets/fonts/Nunito-Regular.ttf]
[dashlite.net/demo6/assets/fonts/Nunito-Bold.eot]
[dashlite.net/demo6/assets/fonts/Nunito-Bold.woff2]
[dashlite.net/demo6/assets/fonts/Nunito-Bold.woff]
[dashlite.net/demo6/assets/fonts/Nunito-Bold.ttf]
[dashlite.net/demo6/assets/fonts/Nioicon.eot]
[dashlite.net/demo6/assets/fonts/Nioicon.ttf]
[dashlite.net/demo6/assets/fonts/Nioicon.woff]
[dashlite.net/demo6/assets/css/dashlitedeae.css]
[dashlite.net/demo6/assets/css/themedeae.css]
[dashlite.net/demo6/images/avatar/b-sm.jpg]
[dashlite.net/demo6/images/avatar/a-sm.jpg]
[dashlite.net/demo6/assets/js/charts/gd-defaultdeae.js]
[dashlite.net/demo6/index-sales.html]
[dashlite.net/demo6/index-crypto.html]
[dashlite.net/demo6/assets/js/charts/gd-analyticsdeae.js]
[dashlite.net/demo6/assets/js/libs/jqvmapdeae.js]
[dashlite.net/demo6/index-analytics.html]
[dashlite.net/demo6/invest/schemes.html]
[dashlite.net/demo6/invest/invest.html]
[dashlite.net/demo6/invest/profile.html]
[dashlite.net/demo6/invest/welcome.html]
[dashlite.net/demo6/invest/invest-form.html]
[dashlite.net/demo6/invest/scheme-details.html]
[dashlite.net/demo6/invest/kyc-application.html]
[dashlite.net/demo6/invest/kyc-form.html]
[dashlite.net/demo6/components.html]
[dashlite.net/demo6/invest/profile-setting.html]
[dashlite.net/demo6/invest/profile-activity.html]
[dashlite.net/demo6/assets/js/charts/chart-investdeae.js]
[dashlite.net/demo6/invest/index.html]
[dashlite.net/demo6/assets/js/apps/messagesdeae.js]
[dashlite.net/demo6/apps-messages.html]
[dashlite.net/demo6/assets/js/apps/inboxdeae.js]
[dashlite.net/demo6/assets/js/libs/tagifydeae.js]
[dashlite.net/demo6/apps-inbox.html]
[dashlite.net/demo6/assets/js/apps/file-managerdeae.js]
[dashlite.net/demo6/apps-file-manager.html]
[dashlite.net/demo6/images/slides/slide-a.jpg]
[dashlite.net/demo6/images/slides/slide-b.jpg]
[dashlite.net/demo6/images/slides/slide-c.jpg]
[dashlite.net/demo6/assets/js/apps/chatsdeae.js]
[dashlite.net/demo6/apps-chats.html]
[dashlite.net/demo6/assets/js/libs/fullcalendardeae.js]
[dashlite.net/demo6/assets/js/apps/calendardeae.js]
[dashlite.net/demo6/apps-calendar.html]
[dashlite.net/demo6/assets/js/libs/jkanbandeae.js]
[dashlite.net/demo6/assets/js/apps/kanbandeae.js]
[dashlite.net/demo6/apps-kanban.html]
[dashlite.net/demo6/project-card.html]
[dashlite.net/demo6/project-list.html]
[dashlite.net/demo6/user-list-regular.html]
[dashlite.net/demo6/user-list-compact.html]
[dashlite.net/demo6/user-details-regular.html]
[dashlite.net/demo6/user-profile-notification.html]
[dashlite.net/demo6/user-profile-regular.html]
[dashlite.net/demo6/user-card.html]
[dashlite.net/demo6/customer-list.html]
[dashlite.net/demo6/user-profile-social.html]
[dashlite.net/demo6/images/product/c.png]
[dashlite.net/demo6/images/product/b.png]
[dashlite.net/demo6/images/product/a.png]
[dashlite.net/demo6/customer-details.html]
[dashlite.net/demo6/kyc-list-regular.html]
[dashlite.net/demo6/kyc-details-regular.html]
[dashlite.net/demo6/transaction-basic.html]
[dashlite.net/demo6/transaction-crypto.html]
[dashlite.net/demo6/invoice-print.html]
[dashlite.net/demo6/invoice-list.html]
[dashlite.net/demo6/invoice-details.html]
[dashlite.net/demo6/images/product/d.png]
[dashlite.net/demo6/images/product/e.png]
[dashlite.net/demo6/images/product/f.png]
[dashlite.net/demo6/images/product/g.png]
[dashlite.net/demo6/images/product/h.png]
[dashlite.net/demo6/images/product/j.png]
[dashlite.net/demo6/images/product/i.png]
[dashlite.net/demo6/product-list.html]
[dashlite.net/demo6/images/product/lg-a.jpg]
[dashlite.net/demo6/images/product/lg-b.jpg]
[dashlite.net/demo6/images/product/lg-c.jpg]
[dashlite.net/demo6/images/product/lg-d.jpg]
[dashlite.net/demo6/images/product/lg-e.jpg]
[dashlite.net/demo6/images/product/lg-f.jpg]
[dashlite.net/demo6/images/product/lg-h.jpg]
[dashlite.net/demo6/images/product/lg-g.jpg]
[dashlite.net/demo6/product-card.html]
[dashlite.net/demo6/images/product/video-a.jpg]
[dashlite.net/demo6/product-details.html]
[dashlite.net/demo6/pricing-table.html]
[dashlite.net/demo6/images/stock/a.jpg]
[dashlite.net/demo6/images/stock/b.jpg]
[dashlite.net/demo6/images/stock/c.jpg]
[dashlite.net/demo6/images/stock/d.jpg]
[dashlite.net/demo6/images/stock/e.jpg]
[dashlite.net/demo6/images/stock/f.jpg]
[dashlite.net/demo6/images/stock/g.jpg]
[dashlite.net/demo6/images/stock/h.jpg]
[dashlite.net/demo6/gallery.html]
[dashlite.net/demo6/pages/regular-v1.html]
[dashlite.net/demo6/pages/regular-v2.html]
[dashlite.net/demo6/pages/faqs.html]
[dashlite.net/demo6/images/slides/promo-a.png]
[dashlite.net/demo6/images/slides/promo-b.png]
[dashlite.net/demo6/images/slides/promo-c.png]
[dashlite.net/demo6/pages/auths/auth-login.html]
[dashlite.net/demo6/pages/auths/auth-register.html]
[dashlite.net/demo6/pages/auths/auth-reset.html]
[dashlite.net/demo6/pages/auths/auth-success.html]
[dashlite.net/demo6/pages/auths/auth-login-v2.html]
[dashlite.net/demo6/pages/auths/auth-register-v2.html]
[dashlite.net/demo6/pages/auths/auth-reset-v2.html]
[dashlite.net/demo6/pages/auths/auth-success-v2.html]
[dashlite.net/demo6/pages/auths/auth-login-v3.html]
[dashlite.net/demo6/pages/auths/auth-register-v3.html]
[dashlite.net/demo6/pages/auths/auth-reset-v3.html]
[dashlite.net/demo6/pages/auths/auth-success-v3.html]
[dashlite.net/demo6/pages/errors/404-classic.html]
[dashlite.net/demo6/pages/errors/504-classic.html]
[dashlite.net/demo6/pages/errors/404-s1.html]
[dashlite.net/demo6/pages/errors/504-s1.html]
[dashlite.net/demo6/_blank.html]
[dashlite.net/demo6/pages/terms-policy.html]
[dashlite.net/demo6/components/elements/alerts.html]
[dashlite.net/demo6/components/elements/accordions.html]
[dashlite.net/demo6/components/elements/avatar.html]
[dashlite.net/demo6/components/elements/badges.html]
[dashlite.net/demo6/components/elements/buttons.html]
[dashlite.net/demo6/components/elements/buttons-group.html]
[dashlite.net/demo6/components/elements/breadcrumb.html]
[dashlite.net/demo6/components/elements/cards.html]
[dashlite.net/demo6/components/elements/carousel.html]
[dashlite.net/demo6/components/elements/list-dropdown.html]
[dashlite.net/demo6/components/elements/modals.html]
[dashlite.net/demo6/components/elements/pagination.html]
[dashlite.net/demo6/components/elements/popover.html]
[dashlite.net/demo6/components/elements/progress.html]
[dashlite.net/demo6/components/elements/spinner.html]
[dashlite.net/demo6/components/elements/tabs.html]
[dashlite.net/demo6/components/elements/toast.html]
[dashlite.net/demo6/components/elements/tooltip.html]
[dashlite.net/demo6/components/elements/typography.html]
[dashlite.net/demo6/components/elements/util-border.html]
[dashlite.net/demo6/components/elements/util-colors.html]
[dashlite.net/demo6/components/elements/util-display.html]
[dashlite.net/demo6/components/elements/util-embeded.html]
[dashlite.net/demo6/components/elements/util-flex.html]
[dashlite.net/demo6/components/elements/util-text.html]
[dashlite.net/demo6/components/elements/util-sizing.html]
[dashlite.net/demo6/components/elements/util-spacing.html]
[dashlite.net/demo6/components/elements/util-others.html]
[dashlite.net/demo6/components/forms/form-elements.html]
[dashlite.net/demo6/components/forms/checkbox-radio.html]
[dashlite.net/demo6/components/forms/advanced-controls.html]
[dashlite.net/demo6/components/forms/input-group.html]
[dashlite.net/demo6/components/forms/form-upload.html]
[dashlite.net/demo6/components/forms/datetime-picker.html]
[dashlite.net/demo6/components/forms/number-spinner.html]
[dashlite.net/demo6/components/forms/nouislider.html]
[dashlite.net/demo6/components/forms/form-layouts.html]
[dashlite.net/demo6/components/forms/form-validation.html]
[dashlite.net/demo6/components/forms/form-wizard.html]
[dashlite.net/demo6/components/forms/wizard/create-project.html]
[dashlite.net/demo6/components/forms/wizard/create-profile.html]
[dashlite.net/demo6/images/qr/qr-code.png]
[dashlite.net/demo6/components/forms/wizard/two-factor-auth.html]
[dashlite.net/demo6/components/forms/wizard/survey-v1.html]
[dashlite.net/demo6/components/forms/wizard/survey-v2.html]
[dashlite.net/demo6/assets/js/libs/editors/summernotedeae.js]
[dashlite.net/demo6/assets/js/editorsdeae.js]
[dashlite.net/demo6/components/forms/form-summernote.html]
[dashlite.net/demo6/assets/js/libs/editors/quilldeae.js]
[dashlite.net/demo6/components/forms/form-quill.html]
[dashlite.net/demo6/assets/js/libs/editors/tinymcedeae.js]
[dashlite.net/demo6/components/forms/form-tinymce.html]
[dashlite.net/demo6/components/misc/svg-icons.html]
[dashlite.net/demo6/components/misc/nioicon.html]
[dashlite.net/demo6/components/misc/icons.html]
[dashlite.net/demo6/components/tables/table-basic.html]
[dashlite.net/demo6/components/tables/table-special.html]
[dashlite.net/demo6/assets/js/libs/datatable-btnsdeae.js]
[dashlite.net/demo6/components/tables/table-datatable.html]
[dashlite.net/demo6/assets/js/example-chartdeae.js]
[dashlite.net/demo6/components/charts/chartjs.html]
[dashlite.net/demo6/components/charts/knob.html]
[dashlite.net/demo6/components/widgets/cards.html]
[dashlite.net/demo6/assets/js/charts/chart-widgetsdeae.js]
[dashlite.net/demo6/components/widgets/charts.html]
[dashlite.net/demo6/components/widgets/ratings.html]
[dashlite.net/demo6/assets/js/libs/jstreedeae.js]
[dashlite.net/demo6/assets/js/example-treedeae.js]
[dashlite.net/demo6/components/misc/slick-sliders.html]
[dashlite.net/demo6/assets/js/example-toastrdeae.js]
[dashlite.net/demo6/components/misc/toastr.html]
[dashlite.net/demo6/assets/js/example-sweetalertdeae.js]
[dashlite.net/demo6/components/misc/sweet-alert.html]
[dashlite.net/demo6/components/misc/js-tree.html]
[dashlite.net/demo6/assets/js/libs/dual-listboxdeae.js]
[dashlite.net/demo6/assets/js/example-listboxdeae.js]
[dashlite.net/demo6/components/misc/dual-listbox.html]
[dashlite.net/demo6/assets/js/libs/draguladeae.js]
[dashlite.net/demo6/assets/js/example-draguladeae.js]
[dashlite.net/demo6/components/misc/dragula.html]
[dashlite.net/demo6/assets/js/example-mapdeae.js]
[dashlite.net/demo6/components/misc/map.html]
[dashlite.net/demo6/images/logo-dark2x.png]
[dashlite.net/demo6/images/socials/facebook.png]
[dashlite.net/demo6/images/socials/twitter.png]
[dashlite.net/demo6/images/socials/youtube.png]
[dashlite.net/demo6/images/socials/medium.png]
[dashlite.net/demo6/images/email/kyc-progress.png]
[dashlite.net/demo6/images/email/kyc-pending.png]
[dashlite.net/demo6/images/email/kyc-success.png]
[dashlite.net/demo6/email-templates.html]
[dashlite.net/demo6/user-profile-setting.html]
[dashlite.net/demo6/user-profile-activity.html]
[dashlite.net/demo6/assets/fonts/Nioicon.svg]
[dashlite.net/demo6/invest/schemes.html]
[dashlite.net/demo6/invest/invest.html]
[dashlite.net/demo6/invest/profile-notify.html]
[dashlite.net/demo6/invest/profile-connected.html]
[dashlite.net/demo6/invest/profile.html]
[dashlite.net/demo6/invest/welcome.html]
[dashlite.net/demo6/invest/invest-form.html]
[dashlite.net/demo6/invest/scheme-details.html]
[dashlite.net/demo6/invest/kyc-application.html]
[dashlite.net/demo6/invest/kyc-form.html]
[dashlite.net/demo6/components.html]
[dashlite.net/demo6/invest/profile-setting.html]
[dashlite.net/demo6/invest/profile-activity.html]
[dashlite.net/demo6/user-profile-notification.html]
[dashlite.net/demo6/user-profile-social.html]
[dashlite.net/demo6/invoice-print.html]
[dashlite.net/demo6/images/icons/plan-s1.svg]
[dashlite.net/demo6/images/icons/plan-s2.svg]
[dashlite.net/demo6/images/icons/plan-s3.svg]
[dashlite.net/demo6/images/gfx/error-404.svg]
[dashlite.net/demo6/images/gfx/error-504.svg]
[dashlite.net/demo6/images/qr/qr-code.html]
[dashlite.net/demo6/images/gfx/survey.svg]
[dashlite.net/demo6/images/icons/search-engine.svg]
[dashlite.net/demo6/images/icons/print-advertize.svg]
[dashlite.net/demo6/images/icons/friends.svg]
[dashlite.net/demo6/images/icons/newspaper.svg]
[dashlite.net/demo6/images/icons/completely-satisfied.svg]
[dashlite.net/demo6/images/icons/satisfied.svg]
[dashlite.net/demo6/images/icons/quite-satisfied.svg]
[dashlite.net/demo6/images/icons/not-satisfied.svg]
[dashlite.net/demo6/images/gfx/job-survey.svg]
[dashlite.net/demo6/images/icons/fornt-end-developer.svg]
[dashlite.net/demo6/images/icons/ux-designer.svg]
[dashlite.net/demo6/images/icons/freelancing-service.svg]
[dashlite.net/demo6/assets/fonts/summernoted41d.eot]
[dashlite.net/demo6/assets/fonts/summernote.woff2]
[dashlite.net/demo6/assets/fonts/summernote.woff]
[dashlite.net/demo6/assets/fonts/summernote.ttf]
[dashlite.net/demo6/assets/css/editors/summernotedeae.css]
[dashlite.net/demo6/assets/css/editors/quilldeae.css]
[dashlite.net/demo6/assets/css/editors/tinymcedeae.css]
[dashlite.net/demo6/assets/fonts/fa-brands-400.eot]
[dashlite.net/demo6/assets/fonts/fa-brands-400.woff2]
[dashlite.net/demo6/assets/fonts/fa-brands-400.woff]
[dashlite.net/demo6/assets/fonts/fa-brands-400.ttf]
[dashlite.net/demo6/assets/fonts/fa-regular-400.eot]
[dashlite.net/demo6/assets/fonts/fa-regular-400.woff2]
[dashlite.net/demo6/assets/fonts/fa-regular-400.woff]
[dashlite.net/demo6/assets/fonts/fa-regular-400.ttf]
[dashlite.net/demo6/assets/fonts/fa-solid-900.eot]
[dashlite.net/demo6/assets/fonts/fa-solid-900.woff2]
[dashlite.net/demo6/assets/fonts/fa-solid-900.woff]
[dashlite.net/demo6/assets/fonts/fa-solid-900.ttf]
[dashlite.net/demo6/assets/css/libs/fontawesome-iconsdeae.css]
[dashlite.net/demo6/assets/fonts/themify.eot]
[dashlite.net/demo6/assets/fonts/themify.woff]
[dashlite.net/demo6/assets/fonts/themify.ttf]
[dashlite.net/demo6/assets/css/libs/themify-iconsdeae.css]
[dashlite.net/demo6/assets/fonts/bootstrap-icons.woff]
[dashlite.net/demo6/assets/fonts/bootstrap-icons.woff2]
[dashlite.net/demo6/assets/css/libs/bootstrap-iconsdeae.css]
[dashlite.net/demo6/assets/images/jsTree/32px.png]
[dashlite.net/demo6/assets/images/jsTree/32px-dark.png]
[dashlite.net/demo6/assets/images/jsTree/throbber.gif]
[dashlite.net/demo6/assets/images/jsTree/throbber-dark.gif]
[dashlite.net/demo6/assets/images/jsTree/40px.png]
[dashlite.net/demo6/assets/images/jsTree/40px-dark.png]
[dashlite.net/demo6/assets/css/libs/jstreedeae.css]
[dashlite.net/demo6/assets/css/style-email.css]
[dashlite.net/demo6/invest/profile-notify.html]
[dashlite.net/demo6/invest/profile-connected.html]
[dashlite.net/demo6/images/icons/id-front.svg]
[dashlite.net/demo6/images/icons/id-back.svg]
[dashlite.net/demo6/assets/fonts/fa-brands-400.svg]
[dashlite.net/demo6/assets/fonts/fa-regular-400.svg]
[dashlite.net/demo6/assets/fonts/fa-solid-900.svg]
[dashlite.net/demo6/assets/fonts/themify.svg]
